Submitting as agent_2c7cbd14
Job 842c5f8f
Running...
Running...
Running...
Running...
Running...
Running...
Running...
Running...
Running...
Running...
Running...
Running...
Running...
Running...
Running...
Running...
Running...
Running...
Running...
Running...
Running...
Running...
Running...
Running...
Running...
Running...
Running...
Rating: 1298.5 ± 48.3 (208 games, 99W-109L-0T)
Saved as: agent_2c7cbd14
---
rating:           1298.5
ci:               48.3
wins:             99
losses:           109
ties:             0
games:            208
